// Jest Snapshot v1, https://goo.gl/fbAQLP

exports[`/store/auth creates store session correctly 1`] = `
Object {
  "billing_address": null,
  "billing_address_id": null,
  "created_at": Any<String>,
  "deleted_at": null,
  "email": "test@testesen.dk",
  "first_name": "test",
  "has_account": true,
  "id": Any<String>,
  "last_name": "testesen",
  "metadata": null,
  "orders": Array [],
  "phone": null,
  "shipping_addresses": Array [],
  "updated_at": Any<String>,
}
`;
